// Jest Snapshot v1, https://goo.gl/fbAQLP

exports[`Child component has context functions 1`] = `
<span>
  7[|UyK-%T\`CKw-%j $1/6XTzdd(8+cY,/JCngNVv+wQO6NAv:+^=4GA[,+G@^GI&lt;
</span>
`;
